docker : 
Au caractère Ligne:1 : 1
+ docker compose exec php 
vendor/bin/behat --dry-run 
--format=progress  ...
+ ~~~~~~~~~~~~~~~~~~~~~~~~~
~~~~~~~~~~~~~~~~~~~~~~~~~~~
~~~~~~~~~~~~~~~~~
    + CategoryInfo         
     : NotSpecified: (:St  
  ring) [], RemoteExcept   
 ion
    + FullyQualifiedErrorI 
   d : NativeCommandError
 
In SymfonyDriver.php line 
25:
                           
                           
                           
                           
         
  [RuntimeException]       
                           
                           
                           
         
  Kernel "App\Kernel" used 
by Behat with "dev" 
environment and debug 
disabled does not have 
"test.client" service.   
  Please make sure the 
kernel is using "test" 
environment or have 
"framework.test" 
configuration option 
enabled.     
                           
                           
                           
                           
         

Exception trace:
  at /srv/sylius/vendor/fri
ends-of-behat/symfony-exten
sion/src/Driver/SymfonyDriv
er.php:25
 FriendsOfBehat\SymfonyExte
nsion\Driver\SymfonyDriver-
>__construct() at n/a:n/a
 ReflectionClass->newInstan
ceArgs() at /srv/sylius/ven
dor/symfony/dependency-inje
ction/ContainerBuilder.php:
1197
 Symfony\Component\Dependen
cyInjection\ContainerBuilde
r->createService() at /srv/
sylius/vendor/symfony/depen
dency-injection/ContainerBu
ilder.php:1317
 Symfony\Component\Dependen
cyInjection\ContainerBuilde
r->doResolveServices() at /
srv/sylius/vendor/symfony/d
ependency-injection/Contain
erBuilder.php:1267
 Symfony\Component\Dependen
cyInjection\ContainerBuilde
r->doResolveServices() at /
srv/sylius/vendor/symfony/d
ependency-injection/Contain
erBuilder.php:1167
 Symfony\Component\Dependen
cyInjection\ContainerBuilde
r->createService() at /srv/
sylius/vendor/symfony/depen
dency-injection/ContainerBu
ilder.php:1317
 Symfony\Component\Dependen
cyInjection\ContainerBuilde
r->doResolveServices() at /
srv/sylius/vendor/symfony/d
ependency-injection/Contain
erBuilder.php:1267
 Symfony\Component\Dependen
cyInjection\ContainerBuilde
r->doResolveServices() at /
srv/sylius/vendor/symfony/d
ependency-injection/Contain
erBuilder.php:1794
 Symfony\Component\Dependen
cyInjection\ContainerBuilde
r->callMethod() at /srv/syl
ius/vendor/symfony/dependen
cy-injection/ContainerBuild
er.php:1223
 Symfony\Component\Dependen
cyInjection\ContainerBuilde
r->createService() at /srv/
sylius/vendor/symfony/depen
dency-injection/ContainerBu
ilder.php:632
 Symfony\Component\Dependen
cyInjection\ContainerBuilde
r->doGet() at /srv/sylius/v
endor/symfony/dependency-in
jection/ContainerBuilder.ph
p:1315
 Symfony\Component\Dependen
cyInjection\ContainerBuilde
r->doResolveServices() at /
srv/sylius/vendor/symfony/d
ependency-injection/Contain
erBuilder.php:1267
 Symfony\Component\Dependen
cyInjection\ContainerBuilde
r->doResolveServices() at /
srv/sylius/vendor/symfony/d
ependency-injection/Contain
erBuilder.php:1167
 Symfony\Component\Dependen
cyInjection\ContainerBuilde
r->createService() at /srv/
sylius/vendor/symfony/depen
dency-injection/ContainerBu
ilder.php:1317
 Symfony\Component\Dependen
cyInjection\ContainerBuilde
r->doResolveServices() at /
srv/sylius/vendor/symfony/d
ependency-injection/Contain
erBuilder.php:1267
 Symfony\Component\Dependen
cyInjection\ContainerBuilde
r->doResolveServices() at /
srv/sylius/vendor/symfony/d
ependency-injection/Contain
erBuilder.php:1794
 Symfony\Component\Dependen
cyInjection\ContainerBuilde
r->callMethod() at /srv/syl
ius/vendor/symfony/dependen
cy-injection/ContainerBuild
er.php:1223
 Symfony\Component\Dependen
cyInjection\ContainerBuilde
r->createService() at /srv/
sylius/vendor/symfony/depen
dency-injection/ContainerBu
ilder.php:1317
 Symfony\Component\Dependen
cyInjection\ContainerBuilde
r->doResolveServices() at /
srv/sylius/vendor/symfony/d
ependency-injection/Contain
erBuilder.php:1267
 Symfony\Component\Dependen
cyInjection\ContainerBuilde
r->doResolveServices() at /
srv/sylius/vendor/symfony/d
ependency-injection/Contain
erBuilder.php:1167
 Symfony\Component\Dependen
cyInjection\ContainerBuilde
r->createService() at /srv/
sylius/vendor/symfony/depen
dency-injection/ContainerBu
ilder.php:1317
 Symfony\Component\Dependen
cyInjection\ContainerBuilde
r->doResolveServices() at /
srv/sylius/vendor/symfony/d
ependency-injection/Contain
erBuilder.php:1267
 Symfony\Component\Dependen
cyInjection\ContainerBuilde
r->doResolveServices() at /
srv/sylius/vendor/symfony/d
ependency-injection/Contain
erBuilder.php:1267
 Symfony\Component\Dependen
cyInjection\ContainerBuilde
r->doResolveServices() at /
srv/sylius/vendor/symfony/d
ependency-injection/Contain
erBuilder.php:1167
 Symfony\Component\Dependen
cyInjection\ContainerBuilde
r->createService() at /srv/
sylius/vendor/symfony/depen
dency-injection/ContainerBu
ilder.php:632
 Symfony\Component\Dependen
cyInjection\ContainerBuilde
r->doGet() at /srv/sylius/v
endor/symfony/dependency-in
jection/ContainerBuilder.ph
p:577
 Symfony\Component\Dependen
cyInjection\ContainerBuilde
r->get() at /srv/sylius/ven
dor/behat/behat/src/Behat/T
estwork/Cli/Application.php
:178
 Behat\Testwork\Cli\Applica
tion->createCommand() at /s
rv/sylius/vendor/behat/beha
t/src/Behat/Testwork/Cli/Ap
plication.php:128
 Behat\Testwork\Cli\Applica
tion->doRun() at /srv/syliu
s/vendor/symfony/console/Ap
plication.php:195
 Symfony\Component\Console\
Application->run() at /srv/
sylius/vendor/behat/behat/b
in/behat:34
 include() at /srv/sylius/v
endor/bin/behat:119

